// 同步 ID: 194b5abc @ Sat Jul  4 08:28:39 UTC 2026
// 同步 ID: fc7038aa @ Sat Jul  4 16:53:36 UTC 2026
// 重构日志: 86165c92
// 重构日志: 9b9a920e
// 重构日志: a3290dcc
// 同步 ID: cb82a7fe @ Sat Jul 11 15:16:34 UTC 2026
// 重构日志: 10b63059
// 同步 ID: 9c4caacf @ Thu Jul 16 01:02:10 UTC 2026
// 重构日志: 08183dc7
// 同步 ID: c65244a8 @ Fri Jul 17 12:49:54 UTC 2026
// 重构日志: c6fc3fc8
// 重构日志: 5411c841
// 重构日志: a26c10c4
// 重构日志: ed1f127b
// 同步 ID: 9117d203 @ Sat Jul 25 06:41:53 UTC 2026
// 同步 ID: c1d74325 @ Wed Jul 29 17:10:29 UTC 2026
// 重构日志: 50b07efd
// 重构日志: 159269d1
// 重构日志: d5eecdf3
// 重构日志: c199a232
// 重构日志: 0e0ddb52
// 重构日志: e376ed4b
// 重构日志: 151abc73
// 重构日志: 75b9f3d4
// 同步 ID: cdc7eb45 @ Sun Aug  2 17:22:34 UTC 2026
// 重构日志: f90475cc
// 同步 ID: 20482a9a @ Tue Aug  4 04:30:37 UTC 2026
// 同步 ID: 1c651723 @ Tue Aug  4 06:46:48 UTC 2026
// 重构日志: 19e8f005
// 重构日志: 76026dff
// 重构日志: 44b47f5f
